> 5
[1] 5
> 10+4
[1] 14
> 10**2
[1] 100
> 10*2
[1] 20
> a=5
> a
[1] 5
> a<=6
[1] TRUE
> a>=6
[1] FALSE
> vecto<-c(1,2,3)
> vecto
[1] 1 2 3
> vecto<-1:100
> vecto
  [1]   1   2   3   4   5   6   7   8   9  10  11  12  13  14  15  16  17
 [18]  18  19  20  21  22  23  24  25  26  27  28  29  30  31  32  33  34
 [35]  35  36  37  38  39  40  41  42  43  44  45  46  47  48  49  50  51
 [52]  52  53  54  55  56  57  58  59  60  61  62  63  64  65  66  67  68
 [69]  69  70  71  72  73  74  75  76  77  78  79  80  81  82  83  84  85
 [86]  86  87  88  89  90  91  92  93  94  95  96  97  98  99 100
> 
> seq(2,20)
 [1]  2  3  4  5  6  7  8  9 10 11 12 13 14 15 16 17 18 19 20
> seq(2,20,2)
 [1]  2  4  6  8 10 12 14 16 18 20
> seq(2,20,3)
[1]  2  5  8 11 14 17 20
> seq(2,20,4)
[1]  2  6 10 14 18
> x<-1:100
> x
  [1]   1   2   3   4   5   6   7   8   9  10  11  12  13  14  15  16  17  18  19
 [20]  20  21  22  23  24  25  26  27  28  29  30  31  32  33  34  35  36  37  38
 [39]  39  40  41  42  43  44  45  46  47  48  49  50  51  52  53  54  55  56  57
 [58]  58  59  60  61  62  63  64  65  66  67  68  69  70  71  72  73  74  75  76
 [77]  77  78  79  80  81  82  83  84  85  86  87  88  89  90  91  92  93  94  95
 [96]  96  97  98  99 100
> x>10
  [1] FALSE FALSE FALSE FALSE FALSE FALSE FALSE FALSE FALSE FALSE  TRUE  TRUE  TRUE
 [14]  TRUE  TRUE  TRUE  TRUE  TRUE  TRUE  TRUE  TRUE  TRUE  TRUE  TRUE  TRUE  TRUE
 [27]  TRUE  TRUE  TRUE  TRUE  TRUE  TRUE  TRUE  TRUE  TRUE  TRUE  TRUE  TRUE  TRUE
 [40]  TRUE  TRUE  TRUE  TRUE  TRUE  TRUE  TRUE  TRUE  TRUE  TRUE  TRUE  TRUE  TRUE
 [53]  TRUE  TRUE  TRUE  TRUE  TRUE  TRUE  TRUE  TRUE  TRUE  TRUE  TRUE  TRUE  TRUE
 [66]  TRUE  TRUE  TRUE  TRUE  TRUE  TRUE  TRUE  TRUE  TRUE  TRUE  TRUE  TRUE  TRUE
 [79]  TRUE  TRUE  TRUE  TRUE  TRUE  TRUE  TRUE  TRUE  TRUE  TRUE  TRUE  TRUE  TRUE
 [92]  TRUE  TRUE  TRUE  TRUE  TRUE  TRUE  TRUE  TRUE  TRUE
> x[x>10]
 [1]  11  12  13  14  15  16  17  18  19  20  21  22  23  24  25  26  27  28  29  30
[21]  31  32  33  34  35  36  37  38  39  40  41  42  43  44  45  46  47  48  49  50
[41]  51  52  53  54  55  56  57  58  59  60  61  62  63  64  65  66  67  68  69  70
[61]  71  72  73  74  75  76  77  78  79  80  81  82  83  84  85  86  87  88  89  90
[81]  91  92  93  94  95  96  97  98  99 100
> x[34]
[1] 34
> help("seq")
> help("c")
> rep(4,5)
[1] 4 4 4 4 4
> rep(seq(2,20,4) 5)
Error: unexpected numeric constant in "rep(seq(2,20,4) 5"
> rep(seq(2,20,4),5)
 [1]  2  6 10 14 18  2  6 10 14 18  2  6 10 14 18  2  6 10 14 18  2  6 10 14 18
> rep(seq(2,20,2),4)
 [1]  2  4  6  8 10 12 14 16 18 20  2  4  6  8 10 12 14 16 18 20  2  4  6  8 10 12
[27] 14 16 18 20  2  4  6  8 10 12 14 16 18 20
> rep(seq(2,10,2),4)
 [1]  2  4  6  8 10  2  4  6  8 10  2  4  6  8 10  2  4  6  8 10
> v1=c(1:10)
> v2 = seq(6,8, length=6)
> v1
 [1]  1  2  3  4  5  6  7  8  9 10
> v2
[1] 6.0 6.4 6.8 7.2 7.6 8.0
> v2 = seq(6,8, length=8)
> v2
[1] 6.000000 6.285714 6.571429 6.857143 7.142857 7.428571 7.714286 8.000000
> v3 = c(v1,v2)
> v3
 [1]  1.000000  2.000000  3.000000  4.000000  5.000000  6.000000  7.000000  8.000000
 [9]  9.000000 10.000000  6.000000  6.285714  6.571429  6.857143  7.142857  7.428571
[17]  7.714286  8.000000
> plot(v3)
> plot (v2)
> plot(v3)
> v4 <- sample(1:100,100)
> v4
  [1]   3  41  42  91  11  19  78  62  69  38  66  63  47   7   4  23  50  30  97
 [20]  55  40  48  25  84  13  22  59  57  76  52  93  27  51  98  28  67  37  72
 [39]  77  71  99 100  12   2  95  54  45   6  60  18  44  35  83  88  58  10  82
 [58]  64  14  87  20  92  86  90  89  46  79  33  68   1  70  65  85   5  39  16
 [77]  17  73  53  81  61  24  26  43  56  80   8  75  74  49  31  96  36  15   9
 [96]  21  29  32  34  94
> which(v4.max)
Error in which(v4.max) : object 'v4.max' not found
> which(max(v4))
Error in which(max(v4)) : argument to 'which' is not logical
> which.max(v4)
[1] 42
> which.max(table(v4))
1 
1 
> names(which.max(table(v4)))
[1] "1"
> as.numeric(names(which.max(table(v4))))
[1] 1
> plot(v4)
> sample(1:100,100)
  [1]  50  87  77  89  54  43  47  45  90  72  95  98  69  24  94  30  73  60  56
 [20]  82  20  66  65  37   6  38  86  63  80  61  93  34  49   7  17  46  14  40
 [39]  78   1  39   2  64  55   9  58  84  16  44  31  21  15  19  81  33  36   4
 [58]  53  48  71  57  26  76  83  68  91  28  23  85  29  11  18  67  75  13  74
 [77]   3  32  92  70  88  41  99  10   5  62  97  52  51  27 100   8  25  59  22
 [96]  96  35  79  12  42
> table(v4)
v4
  1   2   3   4   5   6   7   8   9  10  11  12  13  14  15  16  17  18  19  20  21 
  1   1   1   1   1   1   1   1   1   1   1   1   1   1   1   1   1   1   1   1   1 
 22  23  24  25  26  27  28  29  30  31  32  33  34  35  36  37  38  39  40  41  42 
  1   1   1   1   1   1   1   1   1   1   1   1   1   1   1   1   1   1   1   1   1 
 43  44  45  46  47  48  49  50  51  52  53  54  55  56  57  58  59  60  61  62  63 
  1   1   1   1   1   1   1   1   1   1   1   1   1   1   1   1   1   1   1   1   1 
 64  65  66  67  68  69  70  71  72  73  74  75  76  77  78  79  80  81  82  83  84 
  1   1   1   1   1   1   1   1   1   1   1   1   1   1   1   1   1   1   1   1   1 
 85  86  87  88  89  90  91  92  93  94  95  96  97  98  99 100 
  1   1   1   1   1   1   1   1   1   1   1   1   1   1   1   1 
> barplot(table(v4))
> v5<-c(1,2,3,4,5,6,6,3,1,1,3,2,5,6,12)
> barplot(table(v5))
> v5<-c(1,2,3,4,5,6,6,3,1,1,3,2,5,6,6,6,6,6)
> barplot(table(v5))
> sample(1:100,100,replace = T)
  [1] 81 84 27 92 38  2 78 35 67 24 28 90 19 18 87 11 26 80 68 52 66 74 55 84 24 18
 [27] 71  3 12 24 48 63 99 82 32  9 60 14 66 97 30 22  5 70 88 24 24 79 20 57 38  7
 [53] 28  7 48 57 32 45 85 89 34 77 79 55 51 89 96  3 98 54 36 82 36 44 45 48 13 20
 [79]  2 85 10 69  4 13 68 33 85 82 59 83 95 34  2 26 99 68 67 47 68 50
> 
> v6 <- sample(1:100,100,replace = T)
> v6
  [1]  38   7  20  32  71  30  72  40  32   4  10  95  66  27  95  23  27  22   2
 [20]  66  96  88  89  23  50  16  99  49  58  45  76  33   9  46  36  72   4  97
 [39]  13  50  49  59  26  35  96   8  96  99  25  69  92  69  78  93  21  10  44
 [58]   4  12  81  66  60  91  31  22  70  64  40 100  51  88  34  94  27  78  98
 [77]  22  35   1  79  92  75   9  79  83  61  46  91  89  72  26  28  11  51  13
 [96]  42  87  78  67  58
> v6
  [1]  38   7  20  32  71  30  72  40  32   4  10  95  66  27  95  23  27  22   2
 [20]  66  96  88  89  23  50  16  99  49  58  45  76  33   9  46  36  72   4  97
 [39]  13  50  49  59  26  35  96   8  96  99  25  69  92  69  78  93  21  10  44
 [58]   4  12  81  66  60  91  31  22  70  64  40 100  51  88  34  94  27  78  98
 [77]  22  35   1  79  92  75   9  79  83  61  46  91  89  72  26  28  11  51  13
 [96]  42  87  78  67  58
> barplot(table(v6))
> v6 <- sample(1:20,100,replace = T)
> barplot(table(v6))
> v6
  [1] 20 13  7 13  9 19  8 15 14 11 18 11 11 13  6 13 19  3  9 19 18 12  6 19 20 18
 [27]  8 19  5  9  7 13 18  2  3 13 14  7 15 17 19  4 18 14 17 11 15  1  7 16  6  9
 [53] 15  8  9 15 19  9  5 13 13 18  1 17 17  3 11  3  9  7  7  6  1 13  1  2  3  7
 [79]  7 17 14 17  1 10 11 15  8 13 10  3 16  3 13 16  5 12  7 14 13  3
> as.numeric(names(which.max(table(v6))))
[1] 13
> which.max(v6)
[1] 1
> max(v6)
[1] 20
> as.numeric((which.max(table(v6)))
+ 7
Error: unexpected numeric constant in:
"as.numeric((which.max(table(v6)))
7"
> (which.max(table(v6)))
13 
13 
> (names(which.max(table(v6)))
+ )
[1] "13"
> as.numeric((which.max(table(v6))))
[1] 13